// Jest Snapshot v1, https://goo.gl/fbAQLP

exports[`rendering my component should test App component with default state of empty array 1`] = `ShallowWrapper {}`;
